// Jest Snapshot v1, https://goo.gl/fbAQLP

exports[`<Saved /> renders correctly 1`] = `
<RCTSafeAreaView
  emulateUnlessSupported={true}
  style={
    Array [
      Object {
        "flex": 1,
        "marginHorizontal": 20,
        "marginTop": 30,
      },
      Object {
        "alignItems": "center",
        "flex": 1,
        "flexDirection": "column",
        "justifyContent": "center",
      },
    ]
  }
>
  <Text
    style={
      Object {
        "fontFamily": "Roboto-Medium",
        "fontSize": 25,
        "textAlign": "center",
      }
    }
  >
    No saved jokes found
  </Text>
</RCTSafeAreaView>
`;
